// Jest Snapshot v1, https://goo.gl/fbAQLP

exports[`RecipeCard should match the snapshot 1`] = `
<WithStyles(Card)
  className={Object {}}
>
  <h3>
    yummyTacos
  </h3>
  <WithStyles(List)
    className={Object {}}
    dense={true}
  >
    <WithStyles(ListItem)
      key="4fd51248-ed4f-4616-b947-0f92bf8fcf07"
    >
      <WithStyles(ListItemText)>
        lots of steps 
      </WithStyles(ListItemText)>
    </WithStyles(ListItem)>
    <WithStyles(ListItem)
      key="de2343b5-9653-4b6a-89ac-4217434bb792"
    >
      <WithStyles(ListItemText)>
         another step
      </WithStyles(ListItemText)>
    </WithStyles(ListItem)>
  </WithStyles(List)>
</WithStyles(Card)>
`;
