// Jest Snapshot v1, https://goo.gl/fbAQLP

exports[`RecipeCard should match the snapshot 1`] = `
<div
  className="recipeCard undefined"
>
  <h3>
    yummyTacos
  </h3>
  <ul
    className="recipeList undefined"
    dense={true}
  >
    <li
      key="6fa6112c-9e4b-4b30-ab46-03dd827faf78"
    >
      lots of steps 
    </li>
    <li
      key="2aa4d2d4-4ff3-4eb5-9e20-d8531e7d5a77"
    >
       another step
    </li>
  </ul>
</div>
`;
