// Jest Snapshot v1, https://goo.gl/fbAQLP

exports[`TacoPart should match the snapshot 1`] = `
<div
  className="carouselDisplay"
>
  <i
    className="fas fa-chevron-left fa-2x left"
    onClick={[Function]}
  />
  <div
    className="carousel"
  >
    <RecipeCard
      key="1"
      listStyleName="tacoPartList"
      styleName="tacoPartRecipes"
      tacoRecipe={
        Object {
          "slug": "bad_ass_tortillas",
        }
      }
    />
    <RecipeCard
      key="1"
      listStyleName="tacoPartList"
      styleName="tacoPartRecipes"
      tacoRecipe={
        Object {
          "slug": "naan",
        }
      }
    />
  </div>
  <i
    className="fas fa-chevron-right fa-2x right"
    onClick={[Function]}
  />
</div>
`;
