// Jest Snapshot v1, https://goo.gl/fbAQLP

exports[`TacoPart should match the snapshot 1`] = `
<div
  className="carouselDisplay"
>
  <i
    className="fas fa-chevron-left fa-2x left"
    onClick={[Function]}
  />
  <div
    className="carousel"
  >
    <RecipeCard
      key="9a5a2db4-d901-48e1-bcb7-660076501a7c"
      listStyleName="tacoPartList"
      styleName="tacoPartRecipes"
      tacoRecipe={
        Object {
          "slug": "bad_ass_tortillas",
        }
      }
    />
    <RecipeCard
      key="83d0e232-77a4-4dbd-b69a-fbcb2c5cf922"
      listStyleName="tacoPartList"
      styleName="tacoPartRecipes"
      tacoRecipe={
        Object {
          "slug": "naan",
        }
      }
    />
  </div>
  <i
    className="fas fa-chevron-right fa-2x right"
    onClick={[Function]}
  />
</div>
`;
